// Jest Snapshot v1, https://goo.gl/fbAQLP

exports[`component:CollapsibleFilter initial state renders without crashing 1`] = `
<section
  className="o-expandable"
>
  <button
    aria-label="Hide foo filter"
    className="o-expandable_header o-expandable_target o-expandable_target__expanded"
    onClick={[Function]}
  >
    <h3
      className="h4 o-expandable_header-left o-expandable_label"
    >
      foo
    </h3>
    <span
      className="o-expandable_header-right o-expandable_link"
    >
      <span
        className="o-expandable_cue o-expandable_cue-close"
      >
        <span
          className="u-visually-hidden-on-mobile"
        >
          Hide
        </span>
        <svg>
          minus-round.svg
        </svg>
      </span>
    </span>
  </button>
  <div
    className="o-expandable_content"
  >
    <p>
      bar
    </p>
  </div>
</section>
`;
