// Jest Snapshot v1, https://goo.gl/fbAQLP

exports[`initial state renders without crashing 1`] = `
<section
  className="o-expandable aggregation simple company_response"
>
  <button
    aria-label="Hide nana filter"
    className="o-expandable_header o-expandable_target o-expandable_target__collapsed"
    onClick={[Function]}
  >
    <h3
      className="h4 o-expandable_header-left o-expandable_label"
    >
      nana
    </h3>
    <span
      className="o-expandable_header-right o-expandable_link"
    >
      <span
        className="o-expandable_cue o-expandable_cue-open"
      >
        <span
          className="u-visually-hidden-on-mobile"
        >
          Show
        </span>
        <svg>
          plus-round.svg
        </svg>
      </span>
    </span>
  </button>
</section>
`;
