// Jest Snapshot v1, https://goo.gl/fbAQLP

exports[`initial state renders without crashing 1`] = `
<summary
  className="action-bar"
>
  <div>
    <h2>
      Showing 
      <span>
        10
      </span>
       matches out of 
      <span>
        100
      </span>
       total complaints
    </h2>
  </div>
  <div
    className="layout-row"
  >
    <h4
      className="flex-all"
    >
      <button
        className="a-btn a-btn__link"
        data-gtm_ignore="true"
      >
        Export results
      </button>
    </h4>
  </div>
</summary>
`;
