exports[`initial state renders without crashing 1`] = `
<main
  className="content content__1-3"
  role="main">
  <div
    className="content_wrapper">
    <nav
      className="searchBar">
      <h2>
        Search Complaint Data
      </h2>
      <form
        action=""
        onSubmit={[Function]}>
        <label
          className="a-label a-label__heading">
          Search Within
        </label>
        <input
          className="btn"
          type="button"
          value="Types" />
        <input
          onChange={[Function]}
          placeholder="Enter your search term(s)"
          type="text"
          value="foo" />
        <input
          className="btn primary"
          type="submit"
          value="Search" />
      </form>
    </nav>
    <aside
      className="content_sidebar">
      <div
        className="refine-panel">
        Refine Panel
      </div>
    </aside>
    <section
      className="content_main">
      <div
        className="results-panel">
        <summary>
          <div>
            <h2>
              Showing x of y complaints
            </h2>
          </div>
          <div>
            Page | Sort | Export
          </div>
        </summary>
        <ul
          className="cards-panel" />
      </div>
    </section>
  </div>
</main>
`;
