// Jest Snapshot v1, https://goo.gl/fbAQLP

exports[`component::ComplaintDetail snapshots renders ERROR phase 1`] = `
<section
  className="card-container"
>
  <nav
    className="layout-row"
  >
    <div
      className="back-to-search flex-fixed"
    >
      <button
        className="a-btn a-btn__link"
        onClick={[Function]}
      >
        <span
          className="cf-icon cf-icon-left"
        />
        Back to search results
      </button>
    </div>
    <div
      className="meaning flex-fixed"
    >
      <a
        href="https://www.consumerfinance.gov/complaint/data-use/"
        target="_blank"
      >
        What do all these data points mean?
      </a>
    </div>
  </nav>
  <h1>
    There was a problem retrieving 
    123456789
  </h1>
</section>
`;

exports[`component::ComplaintDetail snapshots renders WAITING phase 1`] = `
<section
  className="card-container"
>
  <nav
    className="layout-row"
  >
    <div
      className="back-to-search flex-fixed"
    >
      <button
        className="a-btn a-btn__link"
        onClick={[Function]}
      >
        <span
          className="cf-icon cf-icon-left"
        />
        Back to search results
      </button>
    </div>
    <div
      className="meaning flex-fixed"
    >
      <a
        href="https://www.consumerfinance.gov/complaint/data-use/"
        target="_blank"
      >
        What do all these data points mean?
      </a>
    </div>
  </nav>
  <section
    className="light-box"
  >
    <div
      className="loading-box"
    >
      <span
        className="cf-icon cf-icon-update cf-icon__before cf-icon__spin"
      />
      <span>
        This page is loading
      </span>
    </div>
  </section>
</section>
`;

exports[`component::ComplaintDetail snapshots renders without a narrative 1`] = `
<section
  className="card-container"
>
  <nav
    className="layout-row"
  >
    <div
      className="back-to-search flex-fixed"
    >
      <button
        className="a-btn a-btn__link"
        onClick={[Function]}
      >
        <span
          className="cf-icon cf-icon-left"
        />
        Back to search results
      </button>
    </div>
    <div
      className="meaning flex-fixed"
    >
      <a
        href="https://www.consumerfinance.gov/complaint/data-use/"
        target="_blank"
      >
        What do all these data points mean?
      </a>
    </div>
  </nav>
  <article>
    <h1>
      123456789
    </h1>
    <div
      className="card"
    >
      <div
        className="card-left layout-column"
      >
        <h4>
          Date CFPB received the complaint
        </h4>
        <span
          className="body-copy"
        >
          <span>
            3/4/2017
          </span>
        </span>
        <br />
        <h4>
          Consumer's state
        </h4>
        <span
          className="body-copy"
        >
          KY
        </span>
        <br />
        <h4>
          Consumer's zip
        </h4>
        <span
          className="body-copy"
        >
          423XX
        </span>
        <br />
        <h4>
          Complaint submitted via
        </h4>
        <span
          className="body-copy"
        >
          Web
        </span>
        <br />
        <h4>
          Tags
        </h4>
        <span
          className="body-copy"
        >
          Older American
        </span>
        <br />
        <h4>
          Did consumer dispute the response?
        </h4>
        <span
          className="body-copy"
        >
          Yes
        </span>
      </div>
      <div
        className="card-right layout-column"
      >
        <h4>
          Product
        </h4>
        <h3>
          Bank account or service
        </h3>
        <div
          className="layout-row"
        >
          <span
            className="body-copy subitem"
          >
            Sub-product:
          </span>
          <span
            className="body-copy"
          >
            Checking account
          </span>
        </div>
        <br />
        <h4>
          Issue
        </h4>
        <h3>
          Account opening, closing, or management
        </h3>
        <div
          className="layout-row"
        >
          <span
            className="body-copy subitem"
          >
            Sub-issue:
          </span>
          <span
            className="body-copy"
          >
            Closing
          </span>
        </div>
        <br />
        <h4>
          Consumer consent to publish narrative
        </h4>
        <div>
          <span
            className="cf-icon cf-icon__before cf-icon-approved-round"
          />
          <span
            className="body-copy"
          >
            Consent provided
          </span>
        </div>
        <br />
      </div>
    </div>
    <h2
      className="company-information"
    >
      Company information
    </h2>
    <div
      className="card"
    >
      <div
        className="card-left layout-column"
      >
        <h4>
          Date complaint sent to company
        </h4>
        <span
          className="body-copy"
        >
          <span>
            3/4/2017
          </span>
        </span>
        <br />
        <h4>
          Matched company name
        </h4>
        <span
          className="body-copy"
        >
          JPMORGAN CHASE & CO.
        </span>
        <br />
      </div>
      <div
        className="card-right layout-column"
      >
        <h4>
          Timely response?
        </h4>
        <div>
          <span
            className="cf-icon cf-icon__before cf-icon-clock-round"
          />
          <span
            className="body-copy"
          >
            Yes
          </span>
        </div>
        <br />
        <h4>
          Company response to consumer
        </h4>
        <span
          className="body-copy"
        >
          Closed with explanation
        </span>
        <br />
        <h4>
          Company public response
        </h4>
        <span
          className="body-copy"
        >
          Company acknowledges the complaint
        </span>
      </div>
    </div>
  </article>
</section>
`;

exports[`component::ComplaintDetail snapshots renders without a sub-issue 1`] = `
<section
  className="card-container"
>
  <nav
    className="layout-row"
  >
    <div
      className="back-to-search flex-fixed"
    >
      <button
        className="a-btn a-btn__link"
        onClick={[Function]}
      >
        <span
          className="cf-icon cf-icon-left"
        />
        Back to search results
      </button>
    </div>
    <div
      className="meaning flex-fixed"
    >
      <a
        href="https://www.consumerfinance.gov/complaint/data-use/"
        target="_blank"
      >
        What do all these data points mean?
      </a>
    </div>
  </nav>
  <article>
    <h1>
      123456789
    </h1>
    <div
      className="card"
    >
      <div
        className="card-left layout-column"
      >
        <h4>
          Date CFPB received the complaint
        </h4>
        <span
          className="body-copy"
        >
          <span>
            3/4/2017
          </span>
        </span>
        <br />
        <h4>
          Consumer's state
        </h4>
        <span
          className="body-copy"
        >
          KY
        </span>
        <br />
        <h4>
          Consumer's zip
        </h4>
        <span
          className="body-copy"
        >
          423XX
        </span>
        <br />
        <h4>
          Complaint submitted via
        </h4>
        <span
          className="body-copy"
        >
          Web
        </span>
        <br />
        <h4>
          Tags
        </h4>
        <span
          className="body-copy"
        >
          Older American
        </span>
        <br />
        <h4>
          Did consumer dispute the response?
        </h4>
        <span
          className="body-copy"
        >
          Yes
        </span>
      </div>
      <div
        className="card-right layout-column"
      >
        <h4>
          Product
        </h4>
        <h3>
          Bank account or service
        </h3>
        <div
          className="layout-row"
        >
          <span
            className="body-copy subitem"
          >
            Sub-product:
          </span>
          <span
            className="body-copy"
          >
            Checking account
          </span>
        </div>
        <br />
        <h4>
          Issue
        </h4>
        <h3>
          Account opening, closing, or management
        </h3>
        <br />
        <h4>
          Consumer consent to publish narrative
        </h4>
        <div>
          <span
            className="cf-icon cf-icon__before cf-icon-approved-round"
          />
          <span
            className="body-copy"
          >
            Consent provided
          </span>
        </div>
        <br />
        <div>
          <h4>
            Consumer complaint narrative
          </h4>
          <span
            className="body-copy"
          >
            Lorem ipsum dolor sit amet
          </span>
        </div>
      </div>
    </div>
    <h2
      className="company-information"
    >
      Company information
    </h2>
    <div
      className="card"
    >
      <div
        className="card-left layout-column"
      >
        <h4>
          Date complaint sent to company
        </h4>
        <span
          className="body-copy"
        >
          <span>
            3/4/2017
          </span>
        </span>
        <br />
        <h4>
          Matched company name
        </h4>
        <span
          className="body-copy"
        >
          JPMORGAN CHASE & CO.
        </span>
        <br />
      </div>
      <div
        className="card-right layout-column"
      >
        <h4>
          Timely response?
        </h4>
        <div>
          <span
            className="cf-icon cf-icon__before cf-icon-clock-round"
          />
          <span
            className="body-copy"
          >
            Yes
          </span>
        </div>
        <br />
        <h4>
          Company response to consumer
        </h4>
        <span
          className="body-copy"
        >
          Closed with explanation
        </span>
        <br />
        <h4>
          Company public response
        </h4>
        <span
          className="body-copy"
        >
          Company acknowledges the complaint
        </span>
      </div>
    </div>
  </article>
</section>
`;

exports[`component::ComplaintDetail snapshots renders without a sub-product 1`] = `
<section
  className="card-container"
>
  <nav
    className="layout-row"
  >
    <div
      className="back-to-search flex-fixed"
    >
      <button
        className="a-btn a-btn__link"
        onClick={[Function]}
      >
        <span
          className="cf-icon cf-icon-left"
        />
        Back to search results
      </button>
    </div>
    <div
      className="meaning flex-fixed"
    >
      <a
        href="https://www.consumerfinance.gov/complaint/data-use/"
        target="_blank"
      >
        What do all these data points mean?
      </a>
    </div>
  </nav>
  <article>
    <h1>
      123456789
    </h1>
    <div
      className="card"
    >
      <div
        className="card-left layout-column"
      >
        <h4>
          Date CFPB received the complaint
        </h4>
        <span
          className="body-copy"
        >
          <span>
            3/4/2017
          </span>
        </span>
        <br />
        <h4>
          Consumer's state
        </h4>
        <span
          className="body-copy"
        >
          KY
        </span>
        <br />
        <h4>
          Consumer's zip
        </h4>
        <span
          className="body-copy"
        >
          423XX
        </span>
        <br />
        <h4>
          Complaint submitted via
        </h4>
        <span
          className="body-copy"
        >
          Web
        </span>
        <br />
        <h4>
          Tags
        </h4>
        <span
          className="body-copy"
        >
          Older American
        </span>
        <br />
        <h4>
          Did consumer dispute the response?
        </h4>
        <span
          className="body-copy"
        >
          Yes
        </span>
      </div>
      <div
        className="card-right layout-column"
      >
        <h4>
          Product
        </h4>
        <h3>
          Bank account or service
        </h3>
        <br />
        <h4>
          Issue
        </h4>
        <h3>
          Account opening, closing, or management
        </h3>
        <div
          className="layout-row"
        >
          <span
            className="body-copy subitem"
          >
            Sub-issue:
          </span>
          <span
            className="body-copy"
          >
            Closing
          </span>
        </div>
        <br />
        <h4>
          Consumer consent to publish narrative
        </h4>
        <div>
          <span
            className="cf-icon cf-icon__before cf-icon-approved-round"
          />
          <span
            className="body-copy"
          >
            Consent provided
          </span>
        </div>
        <br />
        <div>
          <h4>
            Consumer complaint narrative
          </h4>
          <span
            className="body-copy"
          >
            Lorem ipsum dolor sit amet
          </span>
        </div>
      </div>
    </div>
    <h2
      className="company-information"
    >
      Company information
    </h2>
    <div
      className="card"
    >
      <div
        className="card-left layout-column"
      >
        <h4>
          Date complaint sent to company
        </h4>
        <span
          className="body-copy"
        >
          <span>
            3/4/2017
          </span>
        </span>
        <br />
        <h4>
          Matched company name
        </h4>
        <span
          className="body-copy"
        >
          JPMORGAN CHASE & CO.
        </span>
        <br />
      </div>
      <div
        className="card-right layout-column"
      >
        <h4>
          Timely response?
        </h4>
        <div>
          <span
            className="cf-icon cf-icon__before cf-icon-clock-round"
          />
          <span
            className="body-copy"
          >
            Yes
          </span>
        </div>
        <br />
        <h4>
          Company response to consumer
        </h4>
        <span
          className="body-copy"
        >
          Closed with explanation
        </span>
        <br />
        <h4>
          Company public response
        </h4>
        <span
          className="body-copy"
        >
          Company acknowledges the complaint
        </span>
      </div>
    </div>
  </article>
</section>
`;

exports[`component::ComplaintDetail snapshots renders without crashing 1`] = `
<section
  className="card-container"
>
  <nav
    className="layout-row"
  >
    <div
      className="back-to-search flex-fixed"
    >
      <button
        className="a-btn a-btn__link"
        onClick={[Function]}
      >
        <span
          className="cf-icon cf-icon-left"
        />
        Back to search results
      </button>
    </div>
    <div
      className="meaning flex-fixed"
    >
      <a
        href="https://www.consumerfinance.gov/complaint/data-use/"
        target="_blank"
      >
        What do all these data points mean?
      </a>
    </div>
  </nav>
  <article>
    <h1>
      123456789
    </h1>
    <div
      className="card"
    >
      <div
        className="card-left layout-column"
      >
        <h4>
          Date CFPB received the complaint
        </h4>
        <span
          className="body-copy"
        >
          <span>
            3/4/2017
          </span>
        </span>
        <br />
        <h4>
          Consumer's state
        </h4>
        <span
          className="body-copy"
        >
          KY
        </span>
        <br />
        <h4>
          Consumer's zip
        </h4>
        <span
          className="body-copy"
        >
          423XX
        </span>
        <br />
        <h4>
          Complaint submitted via
        </h4>
        <span
          className="body-copy"
        >
          Web
        </span>
        <br />
        <h4>
          Tags
        </h4>
        <span
          className="body-copy"
        >
          Older American
        </span>
        <br />
        <h4>
          Did consumer dispute the response?
        </h4>
        <span
          className="body-copy"
        >
          Yes
        </span>
      </div>
      <div
        className="card-right layout-column"
      >
        <h4>
          Product
        </h4>
        <h3>
          Bank account or service
        </h3>
        <div
          className="layout-row"
        >
          <span
            className="body-copy subitem"
          >
            Sub-product:
          </span>
          <span
            className="body-copy"
          >
            Checking account
          </span>
        </div>
        <br />
        <h4>
          Issue
        </h4>
        <h3>
          Account opening, closing, or management
        </h3>
        <div
          className="layout-row"
        >
          <span
            className="body-copy subitem"
          >
            Sub-issue:
          </span>
          <span
            className="body-copy"
          >
            Closing
          </span>
        </div>
        <br />
        <h4>
          Consumer consent to publish narrative
        </h4>
        <div>
          <span
            className="cf-icon cf-icon__before cf-icon-approved-round"
          />
          <span
            className="body-copy"
          >
            Consent provided
          </span>
        </div>
        <br />
        <div>
          <h4>
            Consumer complaint narrative
          </h4>
          <span
            className="body-copy"
          >
            Lorem ipsum dolor sit amet
          </span>
        </div>
      </div>
    </div>
    <h2
      className="company-information"
    >
      Company information
    </h2>
    <div
      className="card"
    >
      <div
        className="card-left layout-column"
      >
        <h4>
          Date complaint sent to company
        </h4>
        <span
          className="body-copy"
        >
          <span>
            3/4/2017
          </span>
        </span>
        <br />
        <h4>
          Matched company name
        </h4>
        <span
          className="body-copy"
        >
          JPMORGAN CHASE & CO.
        </span>
        <br />
      </div>
      <div
        className="card-right layout-column"
      >
        <h4>
          Timely response?
        </h4>
        <div>
          <span
            className="cf-icon cf-icon__before cf-icon-clock-round"
          />
          <span
            className="body-copy"
          >
            Yes
          </span>
        </div>
        <br />
        <h4>
          Company response to consumer
        </h4>
        <span
          className="body-copy"
        >
          Closed with explanation
        </span>
        <br />
        <h4>
          Company public response
        </h4>
        <span
          className="body-copy"
        >
          Company acknowledges the complaint
        </span>
      </div>
    </div>
  </article>
</section>
`;

exports[`component::ComplaintDetail snapshots supports "Consumer Consent Provided" icons 1`] = `
<section
  className="card-container"
>
  <nav
    className="layout-row"
  >
    <div
      className="back-to-search flex-fixed"
    >
      <button
        className="a-btn a-btn__link"
        onClick={[Function]}
      >
        <span
          className="cf-icon cf-icon-left"
        />
        Back to search results
      </button>
    </div>
    <div
      className="meaning flex-fixed"
    >
      <a
        href="https://www.consumerfinance.gov/complaint/data-use/"
        target="_blank"
      >
        What do all these data points mean?
      </a>
    </div>
  </nav>
  <article>
    <h1>
      123456789
    </h1>
    <div
      className="card"
    >
      <div
        className="card-left layout-column"
      >
        <h4>
          Date CFPB received the complaint
        </h4>
        <span
          className="body-copy"
        >
          <span>
            3/4/2017
          </span>
        </span>
        <br />
        <h4>
          Consumer's state
        </h4>
        <span
          className="body-copy"
        >
          KY
        </span>
        <br />
        <h4>
          Consumer's zip
        </h4>
        <span
          className="body-copy"
        >
          423XX
        </span>
        <br />
        <h4>
          Complaint submitted via
        </h4>
        <span
          className="body-copy"
        >
          Web
        </span>
        <br />
        <h4>
          Tags
        </h4>
        <span
          className="body-copy"
        >
          Older American
        </span>
        <br />
        <h4>
          Did consumer dispute the response?
        </h4>
        <span
          className="body-copy"
        >
          Yes
        </span>
      </div>
      <div
        className="card-right layout-column"
      >
        <h4>
          Product
        </h4>
        <h3>
          Bank account or service
        </h3>
        <div
          className="layout-row"
        >
          <span
            className="body-copy subitem"
          >
            Sub-product:
          </span>
          <span
            className="body-copy"
          >
            Checking account
          </span>
        </div>
        <br />
        <h4>
          Issue
        </h4>
        <h3>
          Account opening, closing, or management
        </h3>
        <div
          className="layout-row"
        >
          <span
            className="body-copy subitem"
          >
            Sub-issue:
          </span>
          <span
            className="body-copy"
          >
            Closing
          </span>
        </div>
        <br />
        <h4>
          Consumer consent to publish narrative
        </h4>
        <div>
          <span
            className="cf-icon cf-icon__before cf-icon-approved-round"
          />
          <span
            className="body-copy"
          >
            Consent provided
          </span>
        </div>
        <br />
        <div>
          <h4>
            Consumer complaint narrative
          </h4>
          <span
            className="body-copy"
          >
            Lorem ipsum dolor sit amet
          </span>
        </div>
      </div>
    </div>
    <h2
      className="company-information"
    >
      Company information
    </h2>
    <div
      className="card"
    >
      <div
        className="card-left layout-column"
      >
        <h4>
          Date complaint sent to company
        </h4>
        <span
          className="body-copy"
        >
          <span>
            3/4/2017
          </span>
        </span>
        <br />
        <h4>
          Matched company name
        </h4>
        <span
          className="body-copy"
        >
          JPMORGAN CHASE & CO.
        </span>
        <br />
      </div>
      <div
        className="card-right layout-column"
      >
        <h4>
          Timely response?
        </h4>
        <div>
          <span
            className="cf-icon cf-icon__before cf-icon-clock-round"
          />
          <span
            className="body-copy"
          >
            Yes
          </span>
        </div>
        <br />
        <h4>
          Company response to consumer
        </h4>
        <span
          className="body-copy"
        >
          Closed with explanation
        </span>
        <br />
        <h4>
          Company public response
        </h4>
        <span
          className="body-copy"
        >
          Company acknowledges the complaint
        </span>
      </div>
    </div>
  </article>
</section>
`;

exports[`component::ComplaintDetail snapshots supports "Consumer Consent Provided" icons 2`] = `
<section
  className="card-container"
>
  <nav
    className="layout-row"
  >
    <div
      className="back-to-search flex-fixed"
    >
      <button
        className="a-btn a-btn__link"
        onClick={[Function]}
      >
        <span
          className="cf-icon cf-icon-left"
        />
        Back to search results
      </button>
    </div>
    <div
      className="meaning flex-fixed"
    >
      <a
        href="https://www.consumerfinance.gov/complaint/data-use/"
        target="_blank"
      >
        What do all these data points mean?
      </a>
    </div>
  </nav>
  <article>
    <h1>
      123456789
    </h1>
    <div
      className="card"
    >
      <div
        className="card-left layout-column"
      >
        <h4>
          Date CFPB received the complaint
        </h4>
        <span
          className="body-copy"
        >
          <span>
            3/4/2017
          </span>
        </span>
        <br />
        <h4>
          Consumer's state
        </h4>
        <span
          className="body-copy"
        >
          KY
        </span>
        <br />
        <h4>
          Consumer's zip
        </h4>
        <span
          className="body-copy"
        >
          423XX
        </span>
        <br />
        <h4>
          Complaint submitted via
        </h4>
        <span
          className="body-copy"
        >
          Web
        </span>
        <br />
        <h4>
          Tags
        </h4>
        <span
          className="body-copy"
        >
          Older American
        </span>
        <br />
        <h4>
          Did consumer dispute the response?
        </h4>
        <span
          className="body-copy"
        >
          Yes
        </span>
      </div>
      <div
        className="card-right layout-column"
      >
        <h4>
          Product
        </h4>
        <h3>
          Bank account or service
        </h3>
        <div
          className="layout-row"
        >
          <span
            className="body-copy subitem"
          >
            Sub-product:
          </span>
          <span
            className="body-copy"
          >
            Checking account
          </span>
        </div>
        <br />
        <h4>
          Issue
        </h4>
        <h3>
          Account opening, closing, or management
        </h3>
        <div
          className="layout-row"
        >
          <span
            className="body-copy subitem"
          >
            Sub-issue:
          </span>
          <span
            className="body-copy"
          >
            Closing
          </span>
        </div>
        <br />
        <h4>
          Consumer consent to publish narrative
        </h4>
        <div>
          <span
            className="cf-icon cf-icon__before cf-icon-delete-round"
          />
          <span
            className="body-copy"
          >
            Consent not provided
          </span>
        </div>
        <br />
        <div>
          <h4>
            Consumer complaint narrative
          </h4>
          <span
            className="body-copy"
          >
            Lorem ipsum dolor sit amet
          </span>
        </div>
      </div>
    </div>
    <h2
      className="company-information"
    >
      Company information
    </h2>
    <div
      className="card"
    >
      <div
        className="card-left layout-column"
      >
        <h4>
          Date complaint sent to company
        </h4>
        <span
          className="body-copy"
        >
          <span>
            3/4/2017
          </span>
        </span>
        <br />
        <h4>
          Matched company name
        </h4>
        <span
          className="body-copy"
        >
          JPMORGAN CHASE & CO.
        </span>
        <br />
      </div>
      <div
        className="card-right layout-column"
      >
        <h4>
          Timely response?
        </h4>
        <div>
          <span
            className="cf-icon cf-icon__before cf-icon-clock-round"
          />
          <span
            className="body-copy"
          >
            Yes
          </span>
        </div>
        <br />
        <h4>
          Company response to consumer
        </h4>
        <span
          className="body-copy"
        >
          Closed with explanation
        </span>
        <br />
        <h4>
          Company public response
        </h4>
        <span
          className="body-copy"
        >
          Company acknowledges the complaint
        </span>
      </div>
    </div>
  </article>
</section>
`;

exports[`component::ComplaintDetail snapshots supports "Consumer Consent Provided" icons 3`] = `
<section
  className="card-container"
>
  <nav
    className="layout-row"
  >
    <div
      className="back-to-search flex-fixed"
    >
      <button
        className="a-btn a-btn__link"
        onClick={[Function]}
      >
        <span
          className="cf-icon cf-icon-left"
        />
        Back to search results
      </button>
    </div>
    <div
      className="meaning flex-fixed"
    >
      <a
        href="https://www.consumerfinance.gov/complaint/data-use/"
        target="_blank"
      >
        What do all these data points mean?
      </a>
    </div>
  </nav>
  <article>
    <h1>
      123456789
    </h1>
    <div
      className="card"
    >
      <div
        className="card-left layout-column"
      >
        <h4>
          Date CFPB received the complaint
        </h4>
        <span
          className="body-copy"
        >
          <span>
            3/4/2017
          </span>
        </span>
        <br />
        <h4>
          Consumer's state
        </h4>
        <span
          className="body-copy"
        >
          KY
        </span>
        <br />
        <h4>
          Consumer's zip
        </h4>
        <span
          className="body-copy"
        >
          423XX
        </span>
        <br />
        <h4>
          Complaint submitted via
        </h4>
        <span
          className="body-copy"
        >
          Web
        </span>
        <br />
        <h4>
          Tags
        </h4>
        <span
          className="body-copy"
        >
          Older American
        </span>
        <br />
        <h4>
          Did consumer dispute the response?
        </h4>
        <span
          className="body-copy"
        >
          Yes
        </span>
      </div>
      <div
        className="card-right layout-column"
      >
        <h4>
          Product
        </h4>
        <h3>
          Bank account or service
        </h3>
        <div
          className="layout-row"
        >
          <span
            className="body-copy subitem"
          >
            Sub-product:
          </span>
          <span
            className="body-copy"
          >
            Checking account
          </span>
        </div>
        <br />
        <h4>
          Issue
        </h4>
        <h3>
          Account opening, closing, or management
        </h3>
        <div
          className="layout-row"
        >
          <span
            className="body-copy subitem"
          >
            Sub-issue:
          </span>
          <span
            className="body-copy"
          >
            Closing
          </span>
        </div>
        <br />
        <h4>
          Consumer consent to publish narrative
        </h4>
        <div>
          <span
            className="cf-icon cf-icon__before cf-icon-minus-round"
          />
          <span
            className="body-copy"
          >
            Consent withdrawn
          </span>
        </div>
        <br />
        <div>
          <h4>
            Consumer complaint narrative
          </h4>
          <span
            className="body-copy"
          >
            Lorem ipsum dolor sit amet
          </span>
        </div>
      </div>
    </div>
    <h2
      className="company-information"
    >
      Company information
    </h2>
    <div
      className="card"
    >
      <div
        className="card-left layout-column"
      >
        <h4>
          Date complaint sent to company
        </h4>
        <span
          className="body-copy"
        >
          <span>
            3/4/2017
          </span>
        </span>
        <br />
        <h4>
          Matched company name
        </h4>
        <span
          className="body-copy"
        >
          JPMORGAN CHASE & CO.
        </span>
        <br />
      </div>
      <div
        className="card-right layout-column"
      >
        <h4>
          Timely response?
        </h4>
        <div>
          <span
            className="cf-icon cf-icon__before cf-icon-clock-round"
          />
          <span
            className="body-copy"
          >
            Yes
          </span>
        </div>
        <br />
        <h4>
          Company response to consumer
        </h4>
        <span
          className="body-copy"
        >
          Closed with explanation
        </span>
        <br />
        <h4>
          Company public response
        </h4>
        <span
          className="body-copy"
        >
          Company acknowledges the complaint
        </span>
      </div>
    </div>
  </article>
</section>
`;

exports[`component::ComplaintDetail snapshots supports "Consumer Consent Provided" icons 4`] = `
<section
  className="card-container"
>
  <nav
    className="layout-row"
  >
    <div
      className="back-to-search flex-fixed"
    >
      <button
        className="a-btn a-btn__link"
        onClick={[Function]}
      >
        <span
          className="cf-icon cf-icon-left"
        />
        Back to search results
      </button>
    </div>
    <div
      className="meaning flex-fixed"
    >
      <a
        href="https://www.consumerfinance.gov/complaint/data-use/"
        target="_blank"
      >
        What do all these data points mean?
      </a>
    </div>
  </nav>
  <article>
    <h1>
      123456789
    </h1>
    <div
      className="card"
    >
      <div
        className="card-left layout-column"
      >
        <h4>
          Date CFPB received the complaint
        </h4>
        <span
          className="body-copy"
        >
          <span>
            3/4/2017
          </span>
        </span>
        <br />
        <h4>
          Consumer's state
        </h4>
        <span
          className="body-copy"
        >
          KY
        </span>
        <br />
        <h4>
          Consumer's zip
        </h4>
        <span
          className="body-copy"
        >
          423XX
        </span>
        <br />
        <h4>
          Complaint submitted via
        </h4>
        <span
          className="body-copy"
        >
          Web
        </span>
        <br />
        <h4>
          Tags
        </h4>
        <span
          className="body-copy"
        >
          Older American
        </span>
        <br />
        <h4>
          Did consumer dispute the response?
        </h4>
        <span
          className="body-copy"
        >
          Yes
        </span>
      </div>
      <div
        className="card-right layout-column"
      >
        <h4>
          Product
        </h4>
        <h3>
          Bank account or service
        </h3>
        <div
          className="layout-row"
        >
          <span
            className="body-copy subitem"
          >
            Sub-product:
          </span>
          <span
            className="body-copy"
          >
            Checking account
          </span>
        </div>
        <br />
        <h4>
          Issue
        </h4>
        <h3>
          Account opening, closing, or management
        </h3>
        <div
          className="layout-row"
        >
          <span
            className="body-copy subitem"
          >
            Sub-issue:
          </span>
          <span
            className="body-copy"
          >
            Closing
          </span>
        </div>
        <br />
        <h4>
          Consumer consent to publish narrative
        </h4>
        <div>
          <span
            className="cf-icon cf-icon__before cf-icon-help-round"
          />
          <span
            className="body-copy"
          >
            N/A
          </span>
        </div>
        <br />
        <div>
          <h4>
            Consumer complaint narrative
          </h4>
          <span
            className="body-copy"
          >
            Lorem ipsum dolor sit amet
          </span>
        </div>
      </div>
    </div>
    <h2
      className="company-information"
    >
      Company information
    </h2>
    <div
      className="card"
    >
      <div
        className="card-left layout-column"
      >
        <h4>
          Date complaint sent to company
        </h4>
        <span
          className="body-copy"
        >
          <span>
            3/4/2017
          </span>
        </span>
        <br />
        <h4>
          Matched company name
        </h4>
        <span
          className="body-copy"
        >
          JPMORGAN CHASE & CO.
        </span>
        <br />
      </div>
      <div
        className="card-right layout-column"
      >
        <h4>
          Timely response?
        </h4>
        <div>
          <span
            className="cf-icon cf-icon__before cf-icon-clock-round"
          />
          <span
            className="body-copy"
          >
            Yes
          </span>
        </div>
        <br />
        <h4>
          Company response to consumer
        </h4>
        <span
          className="body-copy"
        >
          Closed with explanation
        </span>
        <br />
        <h4>
          Company public response
        </h4>
        <span
          className="body-copy"
        >
          Company acknowledges the complaint
        </span>
      </div>
    </div>
  </article>
</section>
`;

exports[`component::ComplaintDetail snapshots supports "Consumer Consent Provided" icons 5`] = `
<section
  className="card-container"
>
  <nav
    className="layout-row"
  >
    <div
      className="back-to-search flex-fixed"
    >
      <button
        className="a-btn a-btn__link"
        onClick={[Function]}
      >
        <span
          className="cf-icon cf-icon-left"
        />
        Back to search results
      </button>
    </div>
    <div
      className="meaning flex-fixed"
    >
      <a
        href="https://www.consumerfinance.gov/complaint/data-use/"
        target="_blank"
      >
        What do all these data points mean?
      </a>
    </div>
  </nav>
  <article>
    <h1>
      123456789
    </h1>
    <div
      className="card"
    >
      <div
        className="card-left layout-column"
      >
        <h4>
          Date CFPB received the complaint
        </h4>
        <span
          className="body-copy"
        >
          <span>
            3/4/2017
          </span>
        </span>
        <br />
        <h4>
          Consumer's state
        </h4>
        <span
          className="body-copy"
        >
          KY
        </span>
        <br />
        <h4>
          Consumer's zip
        </h4>
        <span
          className="body-copy"
        >
          423XX
        </span>
        <br />
        <h4>
          Complaint submitted via
        </h4>
        <span
          className="body-copy"
        >
          Web
        </span>
        <br />
        <h4>
          Tags
        </h4>
        <span
          className="body-copy"
        >
          Older American
        </span>
        <br />
        <h4>
          Did consumer dispute the response?
        </h4>
        <span
          className="body-copy"
        >
          Yes
        </span>
      </div>
      <div
        className="card-right layout-column"
      >
        <h4>
          Product
        </h4>
        <h3>
          Bank account or service
        </h3>
        <div
          className="layout-row"
        >
          <span
            className="body-copy subitem"
          >
            Sub-product:
          </span>
          <span
            className="body-copy"
          >
            Checking account
          </span>
        </div>
        <br />
        <h4>
          Issue
        </h4>
        <h3>
          Account opening, closing, or management
        </h3>
        <div
          className="layout-row"
        >
          <span
            className="body-copy subitem"
          >
            Sub-issue:
          </span>
          <span
            className="body-copy"
          >
            Closing
          </span>
        </div>
        <br />
        <h4>
          Consumer consent to publish narrative
        </h4>
        <div>
          <span
            className="cf-icon cf-icon__before cf-icon-error-round"
          />
          <span
            className="body-copy"
          >
            FOO
          </span>
        </div>
        <br />
        <div>
          <h4>
            Consumer complaint narrative
          </h4>
          <span
            className="body-copy"
          >
            Lorem ipsum dolor sit amet
          </span>
        </div>
      </div>
    </div>
    <h2
      className="company-information"
    >
      Company information
    </h2>
    <div
      className="card"
    >
      <div
        className="card-left layout-column"
      >
        <h4>
          Date complaint sent to company
        </h4>
        <span
          className="body-copy"
        >
          <span>
            3/4/2017
          </span>
        </span>
        <br />
        <h4>
          Matched company name
        </h4>
        <span
          className="body-copy"
        >
          JPMORGAN CHASE & CO.
        </span>
        <br />
      </div>
      <div
        className="card-right layout-column"
      >
        <h4>
          Timely response?
        </h4>
        <div>
          <span
            className="cf-icon cf-icon__before cf-icon-clock-round"
          />
          <span
            className="body-copy"
          >
            Yes
          </span>
        </div>
        <br />
        <h4>
          Company response to consumer
        </h4>
        <span
          className="body-copy"
        >
          Closed with explanation
        </span>
        <br />
        <h4>
          Company public response
        </h4>
        <span
          className="body-copy"
        >
          Company acknowledges the complaint
        </span>
      </div>
    </div>
  </article>
</section>
`;

exports[`component::ComplaintDetail snapshots supports "Timely Response" icons 1`] = `
<section
  className="card-container"
>
  <nav
    className="layout-row"
  >
    <div
      className="back-to-search flex-fixed"
    >
      <button
        className="a-btn a-btn__link"
        onClick={[Function]}
      >
        <span
          className="cf-icon cf-icon-left"
        />
        Back to search results
      </button>
    </div>
    <div
      className="meaning flex-fixed"
    >
      <a
        href="https://www.consumerfinance.gov/complaint/data-use/"
        target="_blank"
      >
        What do all these data points mean?
      </a>
    </div>
  </nav>
  <article>
    <h1>
      123456789
    </h1>
    <div
      className="card"
    >
      <div
        className="card-left layout-column"
      >
        <h4>
          Date CFPB received the complaint
        </h4>
        <span
          className="body-copy"
        >
          <span>
            3/4/2017
          </span>
        </span>
        <br />
        <h4>
          Consumer's state
        </h4>
        <span
          className="body-copy"
        >
          KY
        </span>
        <br />
        <h4>
          Consumer's zip
        </h4>
        <span
          className="body-copy"
        >
          423XX
        </span>
        <br />
        <h4>
          Complaint submitted via
        </h4>
        <span
          className="body-copy"
        >
          Web
        </span>
        <br />
        <h4>
          Tags
        </h4>
        <span
          className="body-copy"
        >
          Older American
        </span>
        <br />
        <h4>
          Did consumer dispute the response?
        </h4>
        <span
          className="body-copy"
        >
          Yes
        </span>
      </div>
      <div
        className="card-right layout-column"
      >
        <h4>
          Product
        </h4>
        <h3>
          Bank account or service
        </h3>
        <div
          className="layout-row"
        >
          <span
            className="body-copy subitem"
          >
            Sub-product:
          </span>
          <span
            className="body-copy"
          >
            Checking account
          </span>
        </div>
        <br />
        <h4>
          Issue
        </h4>
        <h3>
          Account opening, closing, or management
        </h3>
        <div
          className="layout-row"
        >
          <span
            className="body-copy subitem"
          >
            Sub-issue:
          </span>
          <span
            className="body-copy"
          >
            Closing
          </span>
        </div>
        <br />
        <h4>
          Consumer consent to publish narrative
        </h4>
        <div>
          <span
            className="cf-icon cf-icon__before cf-icon-approved-round"
          />
          <span
            className="body-copy"
          >
            Consent provided
          </span>
        </div>
        <br />
        <div>
          <h4>
            Consumer complaint narrative
          </h4>
          <span
            className="body-copy"
          >
            Lorem ipsum dolor sit amet
          </span>
        </div>
      </div>
    </div>
    <h2
      className="company-information"
    >
      Company information
    </h2>
    <div
      className="card"
    >
      <div
        className="card-left layout-column"
      >
        <h4>
          Date complaint sent to company
        </h4>
        <span
          className="body-copy"
        >
          <span>
            3/4/2017
          </span>
        </span>
        <br />
        <h4>
          Matched company name
        </h4>
        <span
          className="body-copy"
        >
          JPMORGAN CHASE & CO.
        </span>
        <br />
      </div>
      <div
        className="card-right layout-column"
      >
        <h4>
          Timely response?
        </h4>
        <div>
          <span
            className="cf-icon cf-icon__before cf-icon-clock-round"
          />
          <span
            className="body-copy"
          >
            Yes
          </span>
        </div>
        <br />
        <h4>
          Company response to consumer
        </h4>
        <span
          className="body-copy"
        >
          Closed with explanation
        </span>
        <br />
        <h4>
          Company public response
        </h4>
        <span
          className="body-copy"
        >
          Company acknowledges the complaint
        </span>
      </div>
    </div>
  </article>
</section>
`;

exports[`component::ComplaintDetail snapshots supports "Timely Response" icons 2`] = `
<section
  className="card-container"
>
  <nav
    className="layout-row"
  >
    <div
      className="back-to-search flex-fixed"
    >
      <button
        className="a-btn a-btn__link"
        onClick={[Function]}
      >
        <span
          className="cf-icon cf-icon-left"
        />
        Back to search results
      </button>
    </div>
    <div
      className="meaning flex-fixed"
    >
      <a
        href="https://www.consumerfinance.gov/complaint/data-use/"
        target="_blank"
      >
        What do all these data points mean?
      </a>
    </div>
  </nav>
  <article>
    <h1>
      123456789
    </h1>
    <div
      className="card"
    >
      <div
        className="card-left layout-column"
      >
        <h4>
          Date CFPB received the complaint
        </h4>
        <span
          className="body-copy"
        >
          <span>
            3/4/2017
          </span>
        </span>
        <br />
        <h4>
          Consumer's state
        </h4>
        <span
          className="body-copy"
        >
          KY
        </span>
        <br />
        <h4>
          Consumer's zip
        </h4>
        <span
          className="body-copy"
        >
          423XX
        </span>
        <br />
        <h4>
          Complaint submitted via
        </h4>
        <span
          className="body-copy"
        >
          Web
        </span>
        <br />
        <h4>
          Tags
        </h4>
        <span
          className="body-copy"
        >
          Older American
        </span>
        <br />
        <h4>
          Did consumer dispute the response?
        </h4>
        <span
          className="body-copy"
        >
          Yes
        </span>
      </div>
      <div
        className="card-right layout-column"
      >
        <h4>
          Product
        </h4>
        <h3>
          Bank account or service
        </h3>
        <div
          className="layout-row"
        >
          <span
            className="body-copy subitem"
          >
            Sub-product:
          </span>
          <span
            className="body-copy"
          >
            Checking account
          </span>
        </div>
        <br />
        <h4>
          Issue
        </h4>
        <h3>
          Account opening, closing, or management
        </h3>
        <div
          className="layout-row"
        >
          <span
            className="body-copy subitem"
          >
            Sub-issue:
          </span>
          <span
            className="body-copy"
          >
            Closing
          </span>
        </div>
        <br />
        <h4>
          Consumer consent to publish narrative
        </h4>
        <div>
          <span
            className="cf-icon cf-icon__before cf-icon-approved-round"
          />
          <span
            className="body-copy"
          >
            Consent provided
          </span>
        </div>
        <br />
        <div>
          <h4>
            Consumer complaint narrative
          </h4>
          <span
            className="body-copy"
          >
            Lorem ipsum dolor sit amet
          </span>
        </div>
      </div>
    </div>
    <h2
      className="company-information"
    >
      Company information
    </h2>
    <div
      className="card"
    >
      <div
        className="card-left layout-column"
      >
        <h4>
          Date complaint sent to company
        </h4>
        <span
          className="body-copy"
        >
          <span>
            3/4/2017
          </span>
        </span>
        <br />
        <h4>
          Matched company name
        </h4>
        <span
          className="body-copy"
        >
          JPMORGAN CHASE & CO.
        </span>
        <br />
      </div>
      <div
        className="card-right layout-column"
      >
        <h4>
          Timely response?
        </h4>
        <div>
          <span
            className="cf-icon cf-icon__before cf-icon-clock-round not-timely"
          />
          <span
            className="body-copy"
          >
            No
          </span>
        </div>
        <br />
        <h4>
          Company response to consumer
        </h4>
        <span
          className="body-copy"
        >
          Closed with explanation
        </span>
        <br />
        <h4>
          Company public response
        </h4>
        <span
          className="body-copy"
        >
          Company acknowledges the complaint
        </span>
      </div>
    </div>
  </article>
</section>
`;
