exports[`initial state renders without crashing 1`] = `
<section
  className="filter-panel">
  <h3>
    Filter results by...
  </h3>
  <section
    className="single-checkbox">
    <h5>
      Only show complaints with narratives?
    </h5>
    <div
      className="m-form-field m-form-field__checkbox">
      <input
        className="a-checkbox"
        id="theCheckbox"
        type="checkbox" />
      <label
        className="a-label"
        htmlFor="theCheckbox">
        Yes
      </label>
    </div>
  </section>
  <hr />
  <section
    className="collapsible-filter">
    <div
      className="layout-row">
      <h5
        className="flex-all">
        Date CFPB Received the complaint
      </h5>
      <div
        className="flex-fixed toggle">
        <a>
          Hide
        </a>
        <span
          className="cf-icon cf-icon-minus-round" />
      </div>
    </div>
    <p />
    <div
      className="layout-row">
      <div
        className="flex-all">
        <label
          className="a-label a-label__heading">
          From:
        </label>
        <input
          type="date" />
      </div>
      <div
        className="flex-all">
        <label
          className="a-label a-label__heading">
          Through:
        </label>
        <input
          type="date" />
      </div>
    </div>
  </section>
  <hr />
  <section
    className="collapsible-filter">
    <div
      className="layout-row">
      <h5
        className="flex-all">
        Matched Company Name
      </h5>
      <div
        className="flex-fixed toggle">
        <a>
          Hide
        </a>
        <span
          className="cf-icon cf-icon-minus-round" />
      </div>
    </div>
    <p>
      The company name as it appears in our complaint system, which may be different than the name the consumer provided in the complaint
    </p>
    <input
      placeholder="Enter company name"
      type="text" />
  </section>
  <hr />
  <section
    className="collapsible-filter aggregation">
    <div
      className="layout-row">
      <h5
        className="flex-all">
        Did company provide a timely response?
      </h5>
      <div
        className="flex-fixed toggle">
        <a>
          Hide
        </a>
        <span
          className="cf-icon cf-icon-minus-round" />
      </div>
    </div>
    <p />
    <ul />
    <div
      className="flex-fixed">
      <button
        className="a-btn a-btn__link hover more">
        + Show X more
      </button>
    </div>
  </section>
  <hr />
  <section
    className="collapsible-filter aggregation">
    <div
      className="layout-row">
      <h5
        className="flex-all">
        Company Response
      </h5>
      <div
        className="flex-fixed toggle">
        <a>
          Hide
        </a>
        <span
          className="cf-icon cf-icon-minus-round" />
      </div>
    </div>
    <p>
      How the company responded to the complaint
    </p>
    <ul />
    <div
      className="flex-fixed">
      <button
        className="a-btn a-btn__link hover more">
        + Show X more
      </button>
    </div>
  </section>
</section>
`;
