// Jest Snapshot v1, https://goo.gl/fbAQLP

exports[`component:MapPanel renders without crashing 1`] = `
<section
  className="map-panel"
>
  <summary
    className="action-bar"
  >
    <div>
      <h2>
        Showing 
        <span>
          2
        </span>
         matches out of 
        <span>
          100
        </span>
         total complaints
      </h2>
    </div>
    <div
      className="layout-row"
    >
      <h4
        className="flex-all"
      >
        <button
          className="a-btn a-btn__link"
          data-gtm_ignore="true"
          onClick={[Function]}
        >
          Export results
        </button>
      </h4>
    </div>
  </summary>
  <div
    className="layout-row refine"
  >
    <section
      className="date-intervals"
    >
      <p>
        Date range (Click to modify range)
      </p>
      <button
        className="date-selector interval-3m"
        onClick={[Function]}
      >
        3m
      </button>
      <button
        className="date-selector interval-6m"
        onClick={[Function]}
      >
        6m
      </button>
      <button
        className="date-selector interval-1y"
        onClick={[Function]}
      >
        1y
      </button>
      <button
        className="date-selector interval-3y"
        onClick={[Function]}
      >
        3y
      </button>
      <button
        className="date-selector interval-All"
        onClick={[Function]}
      >
        All
      </button>
    </section>
    <section
      className="per-capita"
    >
      <p>
        Map Shading
      </p>
      <select
        onChange={[Function]}
      >
        <option
          value="None"
        >
          Complaints
        </option>
        <option
          value="Per 1000 pop."
        >
          Per capita
        </option>
      </select>
    </section>
  </div>
  <div>
    <div
      className="cfpb-chart"
      data-chart-type="tile_map"
      id="tile-chart-map"
    />
  </div>
  <div
    className="map-toolbar"
  >
    <section
      className="state-heading"
    >
      <span>
        Foo Bar
      </span>
      <a
        className="clear"
        onClick={[Function]}
      >
        <svg
          className="cf-icon-svg"
          viewBox="0 0 1000 1200"
          xmlns="http://www.w3.org/2000/svg"
        >
          <path
            d="M500 105.2c-276.1 0-500 223.9-500 500s223.9 500 500 500 500-223.9 500-500-223.9-500-500-500zm261.8 692.2c19.4 19.6 19.3 51.3-.3 70.7-19.5 19.3-50.9 19.3-70.4 0L499.6 676.6 308 868.1c-19.6 19.4-51.3 19.3-70.7-.3-19.3-19.5-19.3-50.9 0-70.4l191.6-191.5-191.6-191.6c-19.3-19.8-18.9-51.4.9-70.7 19.4-18.9 50.4-18.9 69.8 0l191.6 191.5 191.5-191.5c19.6-19.4 51.3-19.3 70.7.3 19.3 19.5 19.3 50.9 0 70.4L570.3 605.9l191.5 191.5z"
          />
        </svg>
        Clear
      </a>
    </section>
    <section
      className="state-navigation"
    >
      <a
        className="list"
        onClick={[Function]}
      >
        View complaints from 
        Foo Bar
      </a>
    </section>
  </div>
  <div
    className="row-chart-section"
  >
    <h3>
      Product
       by complaint volume (5 highest counts)
    </h3>
    <div
      id="row-chart-product"
    />
  </div>
  <div
    className="row-chart-section"
  >
    <h3>
      Issue
       by complaint volume (5 highest counts)
    </h3>
    <div
      id="row-chart-issue"
    />
  </div>
</section>
`;
