// Jest Snapshot v1, https://goo.gl/fbAQLP

exports[`component: MapToolbar initial state renders without crashing 1`] = `
<div
  className="mapToolbar"
>
  Texas
  <button
    className="map"
    onClick={[Function]}
  >
    Clear
  </button>
  <section>
    <button
      className="map"
      onClick={[Function]}
    >
      View complaints from 
      Texas
    </button>
  </section>
</div>
`;
