// Jest Snapshot v1, https://goo.gl/fbAQLP

exports[`component::Pagination renders without crashing 1`] = `
<nav
  aria-label="Pagination"
  className="m-pagination"
  role="navigation"
>
  <button
    className="a-btn m-pagination_btn-prev"
    disabled={true}
    onClick={[Function]}
  >
    <span
      className="a-btn_icon a-btn_icon__on-left"
    >
      <svg
        className="cf-icon-svg"
        viewBox="0 0 559.6 1200"
        xmlns="http://www.w3.org/2000/svg"
      >
        <path
          d="M494.5 1090.7c-17.3 0-33.8-6.8-46-19L19 642.1c-25.4-25.4-25.4-66.5 0-91.9l429.5-429.5c25.6-25.1 66.8-24.8 91.9.8 24.8 25.3 24.8 65.8 0 91.1L156.9 596.2l383.6 383.6c25.4 25.4 25.4 66.5.1 91.9-12.3 12.2-28.8 19-46.1 19z"
        />
      </svg>
    </span>
    Previous
  </button>
  <button
    className="a-btn m-pagination_btn-next"
    disabled={false}
    onClick={[Function]}
  >
    Next
    <span
      className="a-btn_icon a-btn_icon__on-right"
    >
      <svg
        className="cf-icon-svg"
        viewBox="0 0 559.6 1200"
        xmlns="http://www.w3.org/2000/svg"
      >
        <path
          d="M65.1 1090.2c-35.9 0-65-29-65.1-64.9 0-17.3 6.8-33.9 19.1-46.1l383.6-383.5L19.1 212.2c-25.1-25.6-24.8-66.8.9-92 25.3-24.8 65.8-24.8 91.1 0l429.5 429.5c25.4 25.4 25.4 66.5 0 91.9L111 1071.2c-12.1 12.2-28.7 19.1-45.9 19z"
        />
      </svg>
    </span>
  </button>
  <form
    action=""
    className="m-pagination_form"
    onSubmit={[Function]}
  >
    <label
      className="m-pagination_label"
      htmlFor="m-pagination_current-page"
    >
      Page
      <span
        className="u-visually-hidden"
      >
        number 
        1
         out
      </span>
      <input
        className="m-pagination_current-page"
        id="m-pagination_current-page"
        inputMode="numeric"
        max={100}
        min="1"
        name="page"
        onChange={[Function]}
        pattern="[0-9]*"
        type="number"
        value={1}
      />
      of 
      <span>
        100
      </span>
    </label>
    <button
      className="a-btn a-btn__link m-pagination_btn-submit"
      id="m-pagination_btn-submit"
      type="submit"
    >
      Go
    </button>
  </form>
</nav>
`;
