// Jest Snapshot v1, https://goo.gl/fbAQLP

exports[`component: PerCapita initial state renders without crashing 1`] = `
<section
  className="per-capita"
>
  <div
    className="per-capita m-btn-group"
  >
    <p>
      Map Shading
    </p>
    <label
      className="u-visually-hidden"
      htmlFor="data-normalization"
    >
      Select the kind of shading to apply to the map
    </label>
    <button
      className="a-btn raw deselected"
      onClick={[Function]}
    >
      Complaints
    </button>
    <button
      className="a-btn capita a-btn__disabled"
      onClick={[Function]}
    >
      Complaints per 1,000 population
    </button>
  </div>
</section>
`;
