// Jest Snapshot v1, https://goo.gl/fbAQLP

exports[`component: TabbedNavigation initial state renders without crashing 1`] = `
<div
  className="tabbed-navigation"
>
  <section>
    <button
      className="map tab"
      onClick={[Function]}
    >
      <a>
        Map
      </a>
    </button>
    <button
      className="list tab"
      onClick={[Function]}
    >
      <a>
        List
      </a>
    </button>
  </section>
</div>
`;
