// Jest Snapshot v1, https://goo.gl/fbAQLP

exports[`ComplaintCard it renders correctly 1`] = `
<li
  className="card-container"
>
  <div
    className="card"
  >
    <div
      className="card-left layout-column"
    >
      <h3
        className="to-detail"
      >
        <a
          aria-label="Complaint 7 9 9 0 0 9 5"
          href="detail/7990095"
        >
          7990095
        </a>
      </h3>
      <h4
        tabIndex="0"
      >
        Company name
      </h4>
      <span
        className="body-copy"
        dangerouslySetInnerHTML={
          Object {
            "__html": "JP Morgan",
          }
        }
        tabIndex="0"
      />
      <br />
      <h4
        tabIndex="0"
      >
        Company response to consumer
      </h4>
      <span
        className="body-copy"
        dangerouslySetInnerHTML={
          Object {
            "__html": "In progress",
          }
        }
        tabIndex="0"
      />
      <br />
      <h4
        tabIndex="0"
      >
        Timely response?
      </h4>
      <span
        className="body-copy"
        dangerouslySetInnerHTML={
          Object {
            "__html": "Yes",
          }
        }
        tabIndex="0"
      />
    </div>
    <div
      className="card-right layout-column"
    >
      <div
        className="layout-row"
      >
        <div
          className="layout-row"
        >
          <h4
            tabIndex="0"
          >
            Date received:
          </h4>
          <span
            className="body-copy"
          >
            <span>
              11/16/2022
            </span>
          </span>
        </div>
        <div
          className="spacer"
        />
        <div
          className="layout-row"
        >
          <h4
            tabIndex="0"
          >
            Consumer's state:
          </h4>
          <span
            className="body-copy"
            dangerouslySetInnerHTML={
              Object {
                "__html": "FL",
              }
            }
            tabIndex="0"
          />
        </div>
      </div>
      <br />
      <h4
        tabIndex="0"
      >
        Product
      </h4>
      <h3
        dangerouslySetInnerHTML={
          Object {
            "__html": undefined,
          }
        }
        tabIndex="0"
      />
      <br />
      <h4
        tabIndex="0"
      >
        Issue
      </h4>
      <h3
        dangerouslySetInnerHTML={
          Object {
            "__html": undefined,
          }
        }
        tabIndex="0"
      />
    </div>
  </div>
</li>
`;
