exports[`component::AggregationBranch initial state renders without crashing 1`] = `
<div
  className="aggregation-branch">
  <li
    className="flex-fixed layout-row parent m-form-field m-form-field__checkbox">
    <input
      aria-label="foo"
      checked={false}
      className="flex-fixed a-checkbox"
      id="issuefoo"
      onChange={[Function]}
      type="checkbox" />
    <label
      className="flex-all toggle a-label"
      htmlFor="issuefoo">
      <button
        className="a-btn a-btn__link hover"
        onClick={[Function]}>
        <span>
          foo
        </span>
        <span
          className="cf-icon cf-icon-up" />
      </button>
    </label>
    <span
      className="flex-fixed parent-count">
      <span>
        99
      </span>
    </span>
  </li>
  <ul
    className="children">
    <li
      className="flex-fixed layout-row m-form-field m-form-field__checkbox">
      <input
        aria-label="foo•bar"
        checked={true}
        className="flex-fixed a-checkbox"
        id="issuefoo•bar"
        onChange={[Function]}
        type="checkbox" />
      <label
        className="a-label flex-all bucket-key"
        htmlFor="issuefoo•bar">
        bar
      </label>
      <span
        className="flex-fixed bucket-count">
        <span>
          90
        </span>
      </span>
    </li>
    <li
      className="flex-fixed layout-row m-form-field m-form-field__checkbox">
      <input
        aria-label="foo•baz"
        checked={false}
        className="flex-fixed a-checkbox"
        id="issuefoo•baz"
        onChange={[Function]}
        type="checkbox" />
      <label
        className="a-label flex-all bucket-key"
        htmlFor="issuefoo•baz">
        baz
      </label>
      <span
        className="flex-fixed bucket-count">
        <span>
          5
        </span>
      </span>
    </li>
    <li
      className="flex-fixed layout-row m-form-field m-form-field__checkbox">
      <input
        aria-label="foo•qaz"
        checked={false}
        className="flex-fixed a-checkbox"
        id="issuefoo•qaz"
        onChange={[Function]}
        type="checkbox" />
      <label
        className="a-label flex-all bucket-key"
        htmlFor="issuefoo•qaz">
        qaz
      </label>
      <span
        className="flex-fixed bucket-count">
        <span>
          4
        </span>
      </span>
    </li>
  </ul>
</div>
`;
