exports[`initial state renders without crashing 1`] = `
<section
  className="single-checkbox">
  <h5 />
  <div
    className="m-form-field m-form-field__checkbox">
    <input
      checked={false}
      className="a-checkbox"
      id="theCheckbox"
      onClick={[Function]}
      type="checkbox"
      value={undefined} />
    <label
      className="a-label"
      htmlFor="theCheckbox">
      Yes
    </label>
  </div>
</section>
`;
