// Jest Snapshot v1, https://goo.gl/fbAQLP

exports[`component: LineChart initial state renders data lens without crashing 1`] = `
<div>
  <h2>
    foo
  </h2>
  <p>
    A time series graph of complaint counts for the selected date range. Hover on the chart to see the count for each date interval. Your filter selections will update what you see on the graph.
  </p>
  <div
    id="line-chart"
  />
</div>
`;

exports[`component: LineChart initial state renders without crashing 1`] = `
<div>
  <h2>
    foo
  </h2>
  <p>
    A time series graph of complaint counts for the selected date range. Hover on the chart to see the count for each date interval. Your filter selections will update what you see on the graph.
  </p>
  <div
    id="line-chart"
  />
</div>
`;
