// Jest Snapshot v1, https://goo.gl/fbAQLP

exports[`component: LineChart initial state renders data lens without crashing 1`] = `
<div
  className="m-notification m-notification__visible m-notification__error"
  role="alert"
>
  <svg>
    error-round.svg
  </svg>
  <div
    className="m-notification__content"
  >
    <div
      className="m-notification__message"
    >
      Cannot display chart. Adjust your date range or date interval.
    </div>
  </div>
</div>
`;

exports[`component: LineChart initial state renders without crashing 1`] = `
<div
  className="m-notification m-notification__visible m-notification__error"
  role="alert"
>
  <svg>
    error-round.svg
  </svg>
  <div
    className="m-notification__content"
  >
    <div
      className="m-notification__message"
    >
      Cannot display chart. Adjust your date range or date interval.
    </div>
  </div>
</div>
`;
